// Jest Snapshot v1, https://goo.gl/fbAQLP

exports[`App component Should render w/out crashing 1`] = `
<div>
  <div>
    <h1>
      Current value is: 
      0
       
    </h1>
    <button
      name="error"
      onClick={[Function]}
    >
      Display Error
    </button>
  </div>
</div>
`;

exports[`Root component Should render w/out crashing 1`] = `
<div>
  <div>
    <h1>
      Current value is: 
      0
       
    </h1>
    <button
      name="error"
      onClick={[Function]}
    >
      Display Error
    </button>
  </div>
</div>
`;
