// Jest Snapshot v1, https://goo.gl/fbAQLP

exports[`App component Should render w/out crashing 1`] = `
Array [
  <nav
    className="navbar navbar-expand navbar-dark bg-dark sticky-top"
  >
    <a
      aria-current={null}
      className="navbar-brand"
      href="/"
      onClick={[Function]}
    >
      IS APAC Template
    </a>
    <div
      className="mr-auto navbar-nav"
      onKeyDown={[Function]}
    >
      <a
        aria-current={null}
        className="nav-link"
        href="/"
        onClick={[Function]}
        role="button"
      >
        Home
      </a>
      <a
        aria-current={null}
        className="nav-link"
        href="/examples"
        onClick={[Function]}
        role="button"
      >
        Examples
      </a>
      <a
        aria-current={null}
        className="nav-link"
        href="/about"
        onClick={[Function]}
        role="button"
      >
        About
      </a>
    </div>
  </nav>,
  <div
    className="app-content"
  >
    <div
      className="jumbotron"
    >
      <div
        className="wrapper"
      >
        <h1>
          Welcome to new IS APAC Template
        </h1>
        <p>
          This new template was built using react + redux and integration of other libraries such as react router for handling Single Page Application and redux saga for handling side effects and react bootstrap for styling.
        </p>
        <button
          className="btn btn-secondary"
          disabled={false}
          type="button"
        >
          Learn more
        </button>
      </div>
    </div>
  </div>,
]
`;
